uniqueEnclosingCallable
uniqueType
uniqueNodeLocation
missingLocation
uniqueNodeToString
missingToString
parameterCallable
localFlowIsLocal
compatibleTypesReflexive
unreachableNodeCCtx
localCallNodes
postIsNotPre
postHasUniquePre
uniquePostUpdate
postIsInSameCallable
reverseRead
argHasPostUpdate
| code/class_construction.py:10:18:10:21 | ControlFlowNode for self | ArgumentNode is missing PostUpdateNode. |
| code/class_more_mro2.py:16:13:16:16 | ControlFlowNode for self | ArgumentNode is missing PostUpdateNode. |
| code/class_more_mro.py:7:13:7:16 | ControlFlowNode for self | ArgumentNode is missing PostUpdateNode. |
| code/class_more_mro.py:15:13:15:16 | ControlFlowNode for self | ArgumentNode is missing PostUpdateNode. |
| code/class_more_mro.py:22:13:22:16 | ControlFlowNode for self | ArgumentNode is missing PostUpdateNode. |
| code/class_subclass.py:138:22:138:25 | ControlFlowNode for self | ArgumentNode is missing PostUpdateNode. |
| code/class_super.py:21:22:21:25 | ControlFlowNode for self | ArgumentNode is missing PostUpdateNode. |
| code/class_super.py:41:22:41:24 | ControlFlowNode for cls | ArgumentNode is missing PostUpdateNode. |
| code/class_super.py:90:13:90:16 | ControlFlowNode for self | ArgumentNode is missing PostUpdateNode. |
| code/class_super.py:95:13:95:16 | ControlFlowNode for self | ArgumentNode is missing PostUpdateNode. |
postWithInFlow
