| classes.py:14:17:14:60 | ControlFlowNode for Attribute() | classes.py:14:17:14:60 | ControlFlowNode for Attribute() |
| classes.py:14:33:14:59 | ControlFlowNode for Attribute() | classes.py:14:33:14:59 | ControlFlowNode for Attribute() |
| classes.py:45:16:45:35 | ControlFlowNode for Attribute() | classes.py:45:16:45:35 | ControlFlowNode for Attribute() |
| classes.py:242:9:242:24 | ControlFlowNode for set() | classes.py:242:9:242:24 | ControlFlowNode for set() |
| classes.py:247:9:247:30 | ControlFlowNode for frozenset() | classes.py:247:9:247:30 | ControlFlowNode for frozenset() |
| classes.py:252:9:252:28 | ControlFlowNode for dict() | classes.py:252:9:252:28 | ControlFlowNode for dict() |
| classes.py:412:29:412:52 | ControlFlowNode for dict() | classes.py:412:29:412:52 | ControlFlowNode for dict() |
| classes.py:618:16:618:28 | ControlFlowNode for Attribute() | classes.py:618:16:618:28 | ControlFlowNode for Attribute() |
